// Jest Snapshot v1, https://goo.gl/fbAQLP

exports[`<App/> renders App snapshot correctly 1`] = `
<div
  className="App"
>
  <header />
  <widget />
  <section
    className="content"
  >
    <h2
      className="text-transform--uppercase text-align--center text-weight--bold page-header"
    >
      What we do
    </h2>
    <p
      className="text-align--center page-paragraph"
    >
      Discover more about the Little Zebra foundation and how you can help us
    </p>
    <div
      className="container display--flex"
    >
      <article>
        Lorem ipsum dolor sit amet, consectetur adipiscing elit. Ut aliquet, magna sit amet suscipit laoreet, ante velit scelerisque massa, ac mattis ex magna et turpis. Class aptent taciti sociosqu ad litora torquent per conubia nostra, per inceptos himenaeos.
        <br />
        <br />
        Aliquam efficitur tellus vitae erat laoreet sodales. Donec mollis, augue nec feugiat accumsan, ante dui aliquet ante, sit amet vestibulum ligula ex non mi. Nunc quis imperdiet leo, blandit maximus orci. Phasellus porttitor eros magna, et viverra massa cursus ut. Cras nec est et urna ullamcorper volutpat et tristique augue. Nullam sit amet odio eget tortor rhoncus volutpat nec sed ipsum. Vivamus semper a ligula a sodales.
        <br />
        <br />
        Morbi mi dui, luctus ac vestibulum in, dapibus id ante. Vivamus eu odio non mi finibus dapibus a a erat. Cras commodo pharetra sapien, non ultrices nisl egestas eu.
        <br />
        <button
          className="cta grey"
        >
          Our history
        </button>
        <button
          className="cta yellow"
        >
          Get involved
        </button>
      </article>
      <figure>
        <img
          alt="Leopard"
          src="./images/leopard-image.png"
        />
      </figure>
    </div>
  </section>
  <footer
    className="footer"
  >
    <div
      className="container display--flex"
    >
      <ul>
        <li>
          <h4
            className="text-transform--uppercase"
          >
            Who we are
          </h4>
        </li>
        <li>
          <a
            href="./"
          >
            Our history
          </a>
        </li>
        <li>
          <a
            href="./"
          >
            Press center
          </a>
        </li>
        <li>
          <a
            href="./"
          >
            Contact us
          </a>
        </li>
      </ul>
      <ul>
        <li>
          <h4
            className="text-transform--uppercase"
          >
            Get involved
          </h4>
        </li>
        <li>
          <a
            href="./"
          >
            Join us
          </a>
        </li>
        <li>
          <a
            href="./"
          >
            Donate
          </a>
        </li>
        <li>
          <a
            href="./"
          >
            Careers
          </a>
        </li>
        <li>
          <a
            href="./"
          >
            Shop
          </a>
        </li>
      </ul>
      <ul>
        <li>
          <h4
            className="text-transform--uppercase"
          >
            Follow us
          </h4>
        </li>
        <div
          className="display--flex social"
        >
          <li>
            <a
              href="./"
            >
              <img
                alt="Facebook"
                src="./images/facebook-logo.svg"
              />
            </a>
          </li>
          <li>
            <a
              href="./"
            >
              <img
                alt="Pinterest"
                src="./images/pinterest-logo.svg"
              />
            </a>
          </li>
          <li>
            <a
              href="./"
            >
              <img
                alt="Twitter"
                src="./images/twitter-logo.svg"
              />
            </a>
          </li>
          <li>
            <a
              href="./"
            >
              <img
                alt="Youtube"
                src="./images/youtube-logo.svg"
              />
            </a>
          </li>
        </div>
      </ul>
      <ul>
        <h4>
          <img
            alt="logo"
            src="./images/lts-logo-light.svg"
          />
        </h4>
        <li>
          3 Warren Rd,
          <br />
          Mary Tavy,
          <br />
          Tavystock PL19 9PF,
          <br />
          United Kingdom
        </li>
      </ul>
    </div>
  </footer>
</div>
`;
